1
1
1
0
2
2
2
2
0
0
0
0
0
0
2
0
4
2
4
4
0
0
0
0
0
0
0
4
4
2
8
2
2
4
0
0
2
4
6
6
8
4
4
4
4
0
0
2
